>NC_007430.1 Chlamydia trachomatis A/HAR-13 plasmid pCTA, complete sequence
AATATGAATATAATTTTAATTATATCACAATATTGTGGGTGTTTGTACTAGAGGACTTACCTCTTCCCCAGAACAATAAG
AACACACACTTTGTCTCGATGAGAGACAGGAAATACGCATGATTTCCTCATCTTTTAATCCTATTTGCTTTAAATGAATC
AAAGCGCTTGCACGAAGTACTCTGGGAGTAATTTTTATTTTCATAGCACTATGGAACTCTGCAAGCCTAAAATTATGCGC
AACCTGACTTGTTGTTACAGGAATCCCTATTTTAGAAACAAATACTCTCCCATTTCTCCCACAAGTGTATTTTTGCAACT
CTTCCATTAAGCTGATAGGAAATGTGATTAGAATTTTGGTTTCTTTATTCTGTCTTTTTTTAATGCGAAAGGAAATCTGA
TTGGATGCAAAAAATAGATCGTCTGTGCGCAAAGACAAAATTTCGTCTAACTTACGGATCCCTTGTACAATCAATTTACC
GATTAAATAGTCTCTATAATTCACTATCCGGAGCGCTTCAAAAAAAACTGTCCATTCCTGCTTAGAAATCGATTCTGTTT
TGATTTTGTCTCGGATTTTAAAAAATGTAGTGTTTCCAAAATCTTTCAATGGAATAGCGGGTTTAATATATCCCTTGGTC
AATCTATACAAAAACTTTGTGAAAGATATGTAGCATGCCGCTCTAGCCTGTTTAGAGGCCTCTGAAACGACTTTTCCATT
AAAAACATCTAGAGACTTGATTTTAAACAAAGATTCGCTGTGGTCAAGAGAAATAGCCTTTATCAAGGTTTCCGATAAAT
CCAGAATCTCTAAAGAAACAAGAAAGTTAATCCCAGACGCATAATTTTTTCTAGTTAGATGAGATAAAGTAGATAACCAA
ATTTCCGACGCGTCCCCAAAAGTTAAGAACAATCTACTTTTATGGAAAGCCATCGAGCCCATTTTCTTAACCAAAGCTAT
TCAAAATCGGAGCTCTAAGATTTTAAGAAATTTTTTAACAAAAGTCCATTATGACCAAGTCTACCACCCTACCACCAAGA
GTTGCAAAGTCTACCACCAAGAGTTGCAAAGTCTACCACCAAGAGTTGCAAAGTCTACCACCAAGAGTTGCAAATCTCTC
TCGTAAAATCAAATCCCTAAATAAATATATATATAATAAATATATATATGAGCTGACGGAGGATCAGCTCTTTTGCTTAA
AAAGTTCAAAAAGCTGTTGTAGAAGATTTTCGTTATAGGAGGACAAAGAAACTCCGGAACATATGATGCGAAGTATCTCT
ATTAAGAAATCAGATAATTGGCGATTCTTCTCTGAATCAGACTTATCTATCGTTTCTCTAACGTCTTTGTTTCTAGATGA
AGGAAGAAATTGATCCAACACCCTTATCGCCGATGAGTTCGACATTCCACATACTTTCCCTATCACATCGACCTTGGTTT
TTAAATCGCCTTTTCTAGCGGCCAAAATATATGCGGATTTATAGGGGATCGATTGAAACTCTTTTTGTAGAGTTTGGTTG
GGGAGGTTTATAAAAAGCTCGTAATATGCAAGAGCATTGTAAGCAGAAGACTTAGTTCTAAAAACTAACTCTATCCAAGA
TGAAAAAGTTGTTGAGGAGAAGTGATCCTTACTCAGGATTTTTCTAGCATTATAGATTTTTTCTCCTAAAAGAAGTACGT
GTTGCTTCTGTATGGATTTTATCTGACCAGTAAGCAGTTTTACCGCTAGGATGTCTTCTTGATAAAATTCTTCATCCGAA
TAGTTTTGGGACTCTGATAAAAATAATCGATCCAAACTCTGACTTTCCTCAGAATTCAAAGTTGCTGAGAATAGTTCAAT
GGAAGGAAGTGTCTTCTTAAAATCTAGAGAAGCGGCAGTTTGATTTTTTTTAAAAAAGACATCCGCTTCTTTTTTTAGTT
TGTTCACGTTGTCCTCTGAGAGTAATCTCGTTCATATTCGATATGCAAAATATTTGCTATTTCATGCGTTAACTTCAGAA
TATCTTCTGCGGCCCTAGAATTTGGATAGACATTAGCTACAGAATCTTCTTTAAGAAGAGAACGGCTGAGAGAAATATCT
CGACGAATTTTTGTTGAAAAAAGCTTGTTTTTGTAAATAGACTCGATAATGTCTATATACATTTGGTTAGTCGAGTTACG
ATCATCCCAAAAAGACAAAGCTATTCCAAGAATGTGTTCTTCTTCAGGTTTTCCGACCGAACTTAAGAATTCACGTATCT
TTTGTAACCCTAGAATAGAAAAAGGTTCTGGAGTTAAACAAACAATTAATTTGTCTCCTGCAACAAAAGCTTCTTTCGTT
AACCCTCCTAGGCTAGGTGGAGTGTCTATTATGCAGATGTCATAAAAAGGAGCGCAGTACTCATTCAGAAATAACTTTAA
GTTGTTACTAGGTCCTCTATGAATATCCAATTCTCTAAACTGTTCGGATAAAAATGATGCAGGAATTAGGTCCACACTAT
CTTTTTTTGTTTCGCAAATGATTGATTTTAAATCGTTTGATGTGTATACTATGTCGTGCAAGCCTTTTTGGTTACTTCTG
ACACTAGCCCCCAATCCAGAAGATAAATTGGATTGCGGGTCTAGGTCAGCAAGTAACACTTTTTTCCCTAAAAATTGGGC
CAAGTTGCATCCCACGTTTAGAGAAAGTGTTGTTTTTCCAGTTCCTCCCTTAAAAGAGCAAAAAACTAAGGTGTGCAAAT
CAACTCCAACGTTAGAGTAAGTTGTCTATTCAGCCTTGGAAAACATGTCTTTTCTAGACAAGATAAGCATAATCAAAGCC
TTTTTTAGCTTTAAACTGTTATCCTCTAATTTTTCAAGAACAGGAGAGTCTGGGAATAATCCTAAAGAGTTTTCTATTTG
TTGAAGCAGTCCTAGAATTAGTGAGACACTTTTATGGTAGAGTTCTAAGGGAGAATTTAAGAAAGTTACTTTTTCCTTGT
TTACTCGTATTTTTAGGTCTAATTCGGGGAAATCTTTTTTCACATCTTTAACAATTTTAATAAAATCGTCCCTCACTTTT
CTTTTATTTTGCATAACAAACCCCGTAATTCGAACTGTTTTCTCTAAATATAAAACCTATAAGAAAAATCCAATAAAAAT
TGTTTAAGCGTTTGTTTGAGGTATTACTTCCAAAAAAGATACATTAGAAGTATTTGTTATTCCTAAAATATCATTGCCAT
TAGAAAGGGCATTAACCCATACCACACCGCTTTCTAAACCGCCTACACGTAATGAATACGTTGTTGGAGTCAATCCTGTA
TTAGTAATGCTGGTTCTTAGACTACATAAATTAGGAACGCCTGATGAGTATCCATAACTAATCGCGCAGGGCTTAGAATC
ACCTTCTCGTACCAAAGCTAGAACAACGCCGCCTTCCATTCTTGATGCAATAATATCTGCTGAGACTAAGAACATGCTCC
CAGAGCTTTTGGGTGTGACTGTGAATTTTCCTATTTCAGTTCCTCCTAATAAAGTTTCAATGCTACTGGGAGTGAATAAC
CCGTTGCATTGAATTTTATTAGTGATTGGAAAGTTGTTAAAAGCTTTCAACAAACCTAGAGAAGGGTCTGTTTTGATTTT
GTCTAAAATATCTTGGACTGTATTATCAACAATAGTATCAGCAATTCCATCAAGAATTTGATCTCCCAACTTTTCTAGAA
TAAGCTGGTAAGCTTTTTCCGCATCCAAACCAATTGTAATAGAAGCATTGGTTGATGAATTATTGGAGACTGTTAAAGAT
ATTCCATCAGAAGCTGTCATTTTGGCTGCGACAGGTGTTGATGTTGTCCCAAGGATTATTTGCTGGTCCTTGAGCGGCTC
TGTCATTTGCCCAACTTTGATATTATCAGCAAAGACGCAGTTTTCAGTGTTATACAAATAAAAACCAGAATTTCCCATTT
TAAAACTCTTTTTTATTTTGAGCTTTAAATAAATTAGGTTTTTAGTTTCAAGCTTGCTATTAATTAATAGATTCTTGTTC
TAATTGTTCCATTTGTTCTTTAGATTTCTTAGTTATTTCTTCAAAGCGCTCTTTATTTAGATATAGAATTTCTTTTTTAG
AGAGTTTAGAAGAATCCAGAAATTCAATACGTTTTCTTCTAGATAACCAGCCAAGCTGAATGGCGATTTCTATACATTTA
TCGATAGCTAACTCGATTTTTTTCCAGTTCCTTGTACAGATGTACCGATTCATCCTTAAAATATATGCAAGACTTTTAAC
GTTAACGTTTAATAACAAGTTTTCTGGCCAAGAATTATCCTTAGTTAATTTTCGTCTCTTTTTCGCAGCTGCTGTAATCA
CCCAGTCGATAAATGTGTAAGCATACTTTGATGCATTTGGGAAACGCATTTTTATTTCTTGGTATACATTTGCAGGCTTG
ATTACAAAGTAGGATTCTATTTGATCTACCAAGATAGGACATGGCTCTACAACGAACCCTTTATGTTTCCGTGTAGATGG
TGAATTAAAAGGTGTTAAGTCTATATCTATATTTTCTTCGTCAGTTAAACCTTCCCATCCTTCGTAAATCCTAATGATCG
GAGAAAGAGTTTGGTAACGGTCTACTATTTGTGTTCCATTAGTCCATCGAGTTCTAGTTGCCACTATTAAAAACGGTTGA
TGTCCTAAATGGTATAAGGCTTCTAAAGCAGTTTCAGCTTCTTTTCCACTAAACTCATACTTATTTCTGGATGTTTTATA
CCGCTTAACTCCATAAGCCTCTAAGAATTCAGTTTTTGTAAAACGGATTCTTGGTATCCATCCTTCAAATTGAAAACTAT
TTGATTCTCTGGATAAAATAACCCCTTTTGTGTTCCCCTTGTAATTCGTTGCGGTCAGTAATCTTTGGATAGCTGCTAAT
GCATGGTAATGAGATGAAAGAAAATCAAGACCTATAACTTCTACCATCCCATTTTGAGCCAATTTGGGAGATATCTTAAT
AGATTGACCAGGTCTTCTTCCAAACTTCTGATTTTCAAGGTGGATAGGACTTTTGATGAAGTGGCAGTTACTATAATTTA
CCATACTTTTTTAATAGCGGAGAATTTACTAATTTTTGGATCGAAATGTAATACCGAAGAGAAAACCGATCCATGTCTAT
TTTTCCCAACAGTTATCTCACAATTAGAAGACGATTCCTTCCTATTGATAAACAAAATCACATCTGCGTCTTGCTCTATT
TGACCGCTGTCTCGCAAATCTGAAAGCATGGGAACTTTATTTGCTCTATCCTCAACTTTTCTAGATAGTTGGGATAAACA
AACTATAGGAATGTTTAGCTCTGAGGCTAAACCTCTTAAGGTTCTAGATATATCTGCTATTTCATTTTGACGATTTTCTC
CAACCGATGAGTTGATCAACTGCAAGTAATCGATAAATATTACGTCTACTCGATCTTCTTTTCTCAGCAACTGGATCTGA
TTCGCGATTAAATTAAGCTTATACTGACTATCACTGCAGATATAAAAATGTGATTCTCTAACTGTTTCTCCAGCTTCTTC
TACTCGGAATAATTCTTCTTTAGAGAGATCCCCTCTTTGTAATTTTTCACCAGATATTCCTGTTAAATTAGCAATAATCC
GCTCAACAATTTGACCTGCGCTCATTTCTAGAGATAGGAAACCAACTCTACGCTGTTGAGTAACCGCAAGATTTATCGCC
ATGTCTATAGCTAAAGCTGTTTTCCCTATAGATGGCCTAGCTGCTATAATCACGAAATTACCTTTAGCTAAGATAACTCC
TTTATCATCAATATCCTTGTATCCTGTTGGGAAGCCATCAAAGAAAGAATTTTGATTCTCAGAGAACGCTGCTCGTCTTT
TTTTTATACGAGCCAGCACTCCAATTTCTGACTGTGAGAATATATCATAAATAGACCGGCCTCTAGCGCTGCGAATAGAA
AAAGTCTTTGCTATAGCACTATCAAGCCTTCCCTTTATACGCTCAAGCAATAGAAACGGAGATCTACGCAATGGATTTTC
ATTGTACTCATTAAACGAGCGGAAAATGAAATTGCTCAAATTTTCTTCAGCGCTACACACGCTCAAATCATCGAGGAAAA
CCGTATGAGAAACGGATCTAAGCTTGTCATTTGATAAAGCATCATGCAACATTAACCCGAGATACGATTTGTCCATATCT
TTGATACGACGCCGCAAAAGCTCTTCCCAAGCCGAGTCTACAGTTATAGGTAATCCATTGTCTTTTAAGTATTTAAATAC
TATGAATATGTTTTTATGATGGGAACACTTAAACTCATAATTAGCAAGCTGCCTCAGAATATACTCAGTAGAGTCTTCAA
ATATCAGAGCTTTACCTAACAACGCATACTCGATATCTTGCATGCGATTTTCTATTTCGGAACGAGTTTTCATGTTTATA
TAAAAAAATACCGAGCGTGCTATCCTGTTAACAACCTGATTATTTCACTAATCAGGACATTTTGCGGATAGGTTATATCA
CGAGGGATTTCATGGGTAAAGGGATTTTATCTTTGCAGCAAGAAATGTCGTTAGAATATAGCGAAAAGTCTTATCAGGAA
GTTTTAAAAATTCGCCAAGAATCCTATTGGAAACGCATGAAAAGCTTCTCCTTATTCGAAGTTATTATGCATTGGACCGC
ATCACTCAACAAACATACTTGTAGATCATATCGAGGATCTTTTTTGTCTTTAGAAAAGATTGGTCTATTGTCTTTGGATA
TGAATCTGCAAGAGTTTTCCCTTTTAAATCATAATCTAATCCTAGATGCGATTAAAAAAGTTTCCTCTGCCAAGACTTCT
TGGACCGAAGGTACTAAACAAGTTCGAGCAGCAAGCTATATTTCCTTAACAAGATTCCTAAACAGGATGACTCAAGGAAT
AGTCGCTATAGCGCAACCTTCTAAACAAGAAAATAGTCGAACATTTTTTAAAACCAGGGAAATAGTAAAAACGGATGCGA
TGAACAGTTTGCAAACAGCATCCTTCCTAAAAGAGCTAAAAAAAATCAACGCCCGGGATTGGTTGATCGCCCAGACAATG
CTCCAAGGAGGTAAACGCTCCTCTGAAGTCTTAAGCTTGGAGATTAGTCAGATTTGTTTCCAACAAGCTACCATTTCTTT
CTCCCAGCTTAAGAACCGTCAGACAGAAAAGAGGATTATTATAACTTATCCTCAGAAGTTTATGCACTTTCTACAAGAGT
ACATCGGTCAACGAAGAGGTTTTGTCTTCGTAACTCGCTCCGGAAAAATGGTGGGGTTAAGGCAAATCGCCCGCACGTTC
TCTCAAGCAGGACTACAAGCTGCAATCCCTTTTAAGATAACCCCGCACGTGCTTCGAGCAACCGCTGTGACGGAGTACAA
ACGCCTAGGGTGCTCAGACTCCGACATAATGAAGGTCACGGGACACGCAACCGCAAAGATGATATTTGCGTACGATAAAT
CCTCTCGAGAAGACAATGCTTCAAAGAAGATGGCTCTAATATAGCCTAAAGGTGTTTTTTCTGGCAACAG
